2026-08-05 16:50:43.020323: I tensorflow/core/util/port.cc:113] oneDNN custom operations are on. You may see slightly different numerical results due to floating-point round-off errors from different computation orders. To turn them off, set the environment variable `TF_ENABLE_ONEDNN_OPTS=0`.
2026-08-05 16:50:43.055276: E external/local_xla/xla/stream_executor/cuda/cuda_dnn.cc:9261] Unable to register cuDNN factory: Attempting to register factory for plugin cuDNN when one has already been registered
2026-08-05 16:50:43.055326: E external/local_xla/xla/stream_executor/cuda/cuda_fft.cc:607] Unable to register cuFFT factory: Attempting to register factory for plugin cuFFT when one has already been registered
2026-08-05 16:50:43.056481: E external/local_xla/xla/stream_executor/cuda/cuda_blas.cc:1515] Unable to register cuBLAS factory: Attempting to register factory for plugin cuBLAS when one has already been registered
2026-08-05 16:50:43.066830: I tensorflow/core/platform/cpu_feature_guard.cc:182] This TensorFlow binary is optimized to use available CPU instructions in performance-critical operations.
To enable the following instructions: AVX2 AVX512F AVX512_VNNI AVX512_BF16 FMA, in other operations, rebuild TensorFlow with the appropriate compiler flags.
2026-08-05 16:50:45.604634: W tensorflow/compiler/tf2tensorrt/utils/py_utils.cc:38] TF-TRT Warning: Could not find TensorRT
2026-08-05 16:50:50.774604: I tensorflow/core/common_runtime/gpu/gpu_device.cc:1929] Created device /job:localhost/replica:0/task:0/device:GPU:0 with 22149 MB memory:  -> device: 0, name: NVIDIA GeForce RTX 4090, pci bus id: 0000:a1:00.0, compute capability: 8.9
2026-08-05 16:50:51.255198: I external/local_tsl/tsl/platform/default/subprocess.cc:304] Start cannot spawn child process: No such file or directory
/home/parajuli/repos/2026_learning_beamforming_EE_code/src/models/EE_sac.py:530: RuntimeWarning: Mean of empty slice
  f' current exploration: {np.nanmean(episode_metrics["mean_log_prob_density"]):.2f},'
/home/parajuli/repos/2026_learning_beamforming_EE_code/src/models/EE_sac.py:531: RuntimeWarning: Mean of empty slice
  f' value loss: {np.nanmean(episode_metrics["value_loss"]):.5f},'
2026-08-05 16:51:17.390045: I external/local_xla/xla/service/service.cc:168] XLA service 0x7aeba9104910 initialized for platform CUDA (this does not guarantee that XLA will be used). Devices:
2026-08-05 16:51:17.390090: I external/local_xla/xla/service/service.cc:176]   StreamExecutor device (0): NVIDIA GeForce RTX 4090, Compute Capability 8.9
2026-08-05 16:51:17.397146: I tensorflow/compiler/mlir/tensorflow/utils/dump_mlir_util.cc:269] disabling MLIR crash reproducer, set env var `MLIR_CRASH_REPRODUCER_DIRECTORY` to enable.
2026-08-05 16:51:17.422070: I external/local_xla/xla/stream_executor/cuda/cuda_dnn.cc:454] Loaded cuDNN version 8904
WARNING: All log messages before absl::InitializeLog() is called are written to STDERR
I0000 00:00:1785941477.497182  980909 device_compiler.h:186] Compiled cluster using XLA!  This line is logged at most once for the lifetime of the process.
/home/parajuli/repos/2026_learning_beamforming_EE_code/src/models/EE_sac.py:604: UserWarning: FigureCanvasAgg is non-interactive, and thus cannot be shown
  plt_show()
