2026-08-06 14:33:42.987399: E external/local_xla/xla/stream_executor/cuda/cuda_dnn.cc:9261] Unable to register cuDNN factory: Attempting to register factory for plugin cuDNN when one has already been registered
2026-08-06 14:33:42.987445: E external/local_xla/xla/stream_executor/cuda/cuda_fft.cc:607] Unable to register cuFFT factory: Attempting to register factory for plugin cuFFT when one has already been registered
2026-08-06 14:33:42.988395: E external/local_xla/xla/stream_executor/cuda/cuda_blas.cc:1515] Unable to register cuBLAS factory: Attempting to register factory for plugin cuBLAS when one has already been registered
2026-08-06 14:33:42.994316: I tensorflow/core/platform/cpu_feature_guard.cc:182] This TensorFlow binary is optimized to use available CPU instructions in performance-critical operations.
To enable the following instructions: AVX2 FMA, in other operations, rebuild TensorFlow with the appropriate compiler flags.
2026-08-06 14:33:44.133313: W tensorflow/compiler/tf2tensorrt/utils/py_utils.cc:38] TF-TRT Warning: Could not find TensorRT
2026-08-06 14:33:45.583143: I external/local_xla/xla/stream_executor/cuda/cuda_executor.cc:901] successful NUMA node read from SysFS had negative value (-1), but there must be at least one NUMA node, so returning NUMA node zero. See more at https://github.com/torvalds/linux/blob/v6.0/Documentation/ABI/testing/sysfs-bus-pci#L344-L355
2026-08-06 14:33:45.615971: I external/local_xla/xla/stream_executor/cuda/cuda_executor.cc:901] successful NUMA node read from SysFS had negative value (-1), but there must be at least one NUMA node, so returning NUMA node zero. See more at https://github.com/torvalds/linux/blob/v6.0/Documentation/ABI/testing/sysfs-bus-pci#L344-L355
2026-08-06 14:33:45.616453: I external/local_xla/xla/stream_executor/cuda/cuda_executor.cc:901] successful NUMA node read from SysFS had negative value (-1), but there must be at least one NUMA node, so returning NUMA node zero. See more at https://github.com/torvalds/linux/blob/v6.0/Documentation/ABI/testing/sysfs-bus-pci#L344-L355
2026-08-06 14:33:45.621940: I external/local_xla/xla/stream_executor/cuda/cuda_executor.cc:901] successful NUMA node read from SysFS had negative value (-1), but there must be at least one NUMA node, so returning NUMA node zero. See more at https://github.com/torvalds/linux/blob/v6.0/Documentation/ABI/testing/sysfs-bus-pci#L344-L355
2026-08-06 14:33:45.622590: I external/local_xla/xla/stream_executor/cuda/cuda_executor.cc:901] successful NUMA node read from SysFS had negative value (-1), but there must be at least one NUMA node, so returning NUMA node zero. See more at https://github.com/torvalds/linux/blob/v6.0/Documentation/ABI/testing/sysfs-bus-pci#L344-L355
2026-08-06 14:33:45.623184: I external/local_xla/xla/stream_executor/cuda/cuda_executor.cc:901] successful NUMA node read from SysFS had negative value (-1), but there must be at least one NUMA node, so returning NUMA node zero. See more at https://github.com/torvalds/linux/blob/v6.0/Documentation/ABI/testing/sysfs-bus-pci#L344-L355
2026-08-06 14:33:45.718193: I external/local_xla/xla/stream_executor/cuda/cuda_executor.cc:901] successful NUMA node read from SysFS had negative value (-1), but there must be at least one NUMA node, so returning NUMA node zero. See more at https://github.com/torvalds/linux/blob/v6.0/Documentation/ABI/testing/sysfs-bus-pci#L344-L355
2026-08-06 14:33:45.718647: I external/local_xla/xla/stream_executor/cuda/cuda_executor.cc:901] successful NUMA node read from SysFS had negative value (-1), but there must be at least one NUMA node, so returning NUMA node zero. See more at https://github.com/torvalds/linux/blob/v6.0/Documentation/ABI/testing/sysfs-bus-pci#L344-L355
2026-08-06 14:33:45.719050: I external/local_xla/xla/stream_executor/cuda/cuda_executor.cc:901] successful NUMA node read from SysFS had negative value (-1), but there must be at least one NUMA node, so returning NUMA node zero. See more at https://github.com/torvalds/linux/blob/v6.0/Documentation/ABI/testing/sysfs-bus-pci#L344-L355
2026-08-06 14:33:45.719407: I tensorflow/core/common_runtime/gpu/gpu_device.cc:1929] Created device /job:localhost/replica:0/task:0/device:GPU:0 with 47372 MB memory:  -> device: 0, name: Quadro RTX 8000, pci bus id: 0000:c4:00.0, compute capability: 7.5
2026-08-06 14:33:46.008727: I external/local_tsl/tsl/platform/default/subprocess.cc:304] Start cannot spawn child process: No such file or directory
/home/parajuli/repos/2026_learning_beamforming_EE_code/src/models/EE_sac.py:542: RuntimeWarning: Mean of empty slice
  f' current exploration: {np.nanmean(episode_metrics["mean_log_prob_density"]):.2f},'
/home/parajuli/repos/2026_learning_beamforming_EE_code/src/models/EE_sac.py:543: RuntimeWarning: Mean of empty slice
  f' value loss: {np.nanmean(episode_metrics["value_loss"]):.5f},'
2026-08-06 14:34:30.006780: I external/local_xla/xla/service/service.cc:168] XLA service 0x7032ece22320 initialized for platform CUDA (this does not guarantee that XLA will be used). Devices:
2026-08-06 14:34:30.006819: I external/local_xla/xla/service/service.cc:176]   StreamExecutor device (0): Quadro RTX 8000, Compute Capability 7.5
2026-08-06 14:34:30.012046: I tensorflow/compiler/mlir/tensorflow/utils/dump_mlir_util.cc:269] disabling MLIR crash reproducer, set env var `MLIR_CRASH_REPRODUCER_DIRECTORY` to enable.
2026-08-06 14:34:30.028670: I external/local_xla/xla/stream_executor/cuda/cuda_dnn.cc:454] Loaded cuDNN version 8904
WARNING: All log messages before absl::InitializeLog() is called are written to STDERR
I0000 00:00:1786026870.118195 3954953 device_compiler.h:186] Compiled cluster using XLA!  This line is logged at most once for the lifetime of the process.
--- Logging error ---
Traceback (most recent call last):
  File "/home/parajuli/miniconda3/envs/gpu_beamforming/lib/python3.11/logging/handlers.py", line 74, in emit
    self.doRollover()
  File "/home/parajuli/miniconda3/envs/gpu_beamforming/lib/python3.11/logging/handlers.py", line 179, in doRollover
    self.rotate(self.baseFilename, dfn)
  File "/home/parajuli/miniconda3/envs/gpu_beamforming/lib/python3.11/logging/handlers.py", line 115, in rotate
    os.rename(source, dest)
FileNotFoundError: [Errno 2] No such file or directory: '/home/parajuli/repos/2026_learning_beamforming_EE_code/outputs/logs/log.txt' -> '/home/parajuli/repos/2026_learning_beamforming_EE_code/outputs/logs/log.txt.1'
Call stack:
  File "/home/parajuli/repos/2026_learning_beamforming_EE_code/src/models/EE_sac.py", line 797, in <module>
    train_sac_energy_effiency(config=cfg)
  File "/home/parajuli/repos/2026_learning_beamforming_EE_code/src/models/EE_sac.py", line 538, in train_sac_energy_effiency
    logger.info(
Message: 'Episode 6120: Episode mean reward: -0.0160 std 1.03, current exploration: -1.00, value loss: 0.03036, entropy_scale_alpha: 10.0504'
Arguments: ()
/home/parajuli/repos/2026_learning_beamforming_EE_code/src/models/EE_sac.py:616: UserWarning: FigureCanvasAgg is non-interactive, and thus cannot be shown
  plt_show()
