hildesheim
2026-09-02 15:18:18 : INFO     : 15-18-18                       : __logging_setup           :: GPUs detected: [PhysicalDevice(name='/physical_device:GPU:0', device_type='GPU')]
[system] sat_gain_dBi=30.0, budget=75.0 W, eval error bound=0.0
2026-09-02 15:18:18 : INFO     : 15-18-18.src.data.satellite_manager : __init__                  :: satellites setup complete
2026-09-02 15:18:18 : INFO     : 15-18-18.src.data.user_manager : __init__                  :: user setup complete
[MMSE (75 W budget)] 0/10000
[MMSE (75 W budget)] 1000/10000
[MMSE (75 W budget)] 2000/10000
[MMSE (75 W budget)] 3000/10000
[MMSE (75 W budget)] 4000/10000
[MMSE (75 W budget)] 5000/10000
[MMSE (75 W budget)] 6000/10000
[MMSE (75 W budget)] 7000/10000
[MMSE (75 W budget)] 8000/10000
[MMSE (75 W budget)] 9000/10000
[MMSE (75 W budget)] mean total power: 75.00 W (100.0% of budget)
[aod0.0] checkpoint: /home/parajuli/repos/2026_learning_beamforming_EE_code/models/EE_dinkelbach_adaptive_lwin5000_N16K3_satg30_p75_eta0.6_rawpow/base/full_snap_energy_effiency_3.518
2026-09-02 15:18:24 : INFO     : 15-18-18.src.data.satellite_manager : __init__                  :: satellites setup complete
2026-09-02 15:18:24 : INFO     : 15-18-18.src.data.user_manager : __init__                  :: user setup complete
[SAC (75 W budget)] 0/10000
[SAC (75 W budget)] 1000/10000
[SAC (75 W budget)] 2000/10000
[SAC (75 W budget)] 3000/10000
[SAC (75 W budget)] 4000/10000
[SAC (75 W budget)] 5000/10000
[SAC (75 W budget)] 6000/10000
[SAC (75 W budget)] 7000/10000
[SAC (75 W budget)] 8000/10000
[SAC (75 W budget)] 9000/10000
[SAC (75 W budget)] mean total power: 75.00 W (100.0% of budget)
2026-09-02 15:18:35 : INFO     : 15-18-18.src.data.satellite_manager : __init__                  :: satellites setup complete
2026-09-02 15:18:35 : INFO     : 15-18-18.src.data.user_manager : __init__                  :: user setup complete
[SAC (Δε = 0.0, energy-efficient)] 0/10000
[SAC (Δε = 0.0, energy-efficient)] 1000/10000
[SAC (Δε = 0.0, energy-efficient)] 2000/10000
[SAC (Δε = 0.0, energy-efficient)] 3000/10000
[SAC (Δε = 0.0, energy-efficient)] 4000/10000
[SAC (Δε = 0.0, energy-efficient)] 5000/10000
[SAC (Δε = 0.0, energy-efficient)] 6000/10000
[SAC (Δε = 0.0, energy-efficient)] 7000/10000
[SAC (Δε = 0.0, energy-efficient)] 8000/10000
[SAC (Δε = 0.0, energy-efficient)] 9000/10000
[SAC (Δε = 0.0, energy-efficient)] mean total power: 34.79 W (46.4% of budget)
2026-09-02 15:18:46 : INFO     : 15-18-18.src.data.satellite_manager : __init__                  :: satellites setup complete
2026-09-02 15:18:46 : INFO     : 15-18-18.src.data.user_manager : __init__                  :: user setup complete
[MMSE (equal power, Δε = 0.0)] 0/10000
[MMSE (equal power, Δε = 0.0)] 1000/10000
[MMSE (equal power, Δε = 0.0)] 2000/10000
[MMSE (equal power, Δε = 0.0)] 3000/10000
[MMSE (equal power, Δε = 0.0)] 4000/10000
[MMSE (equal power, Δε = 0.0)] 5000/10000
[MMSE (equal power, Δε = 0.0)] 6000/10000
[MMSE (equal power, Δε = 0.0)] 7000/10000
[MMSE (equal power, Δε = 0.0)] 8000/10000
[MMSE (equal power, Δε = 0.0)] 9000/10000
[MMSE (equal power, Δε = 0.0)] mean total power: 34.79 W (target 34.79 W)
Saved: /home/parajuli/repos/2026_learning_beamforming_EE_code/outputs/metrics/EE_lwin5000_3gpp_triplet/power_savings_bars.gzip
hildesheim
Wed Sep  2 03:18:51 PM CEST 2026: Finished lwin5000/3GPP triplet power-savings bar chart!
