airmont
2026-09-02 12:49:15 : INFO     : 12-49-15                       : __logging_setup           :: GPUs detected: [PhysicalDevice(name='/physical_device:GPU:0', device_type='GPU')]
[system] sat_gain_dBi=30.0, budget=75.0 W
[power_savings_boxplot_triplet] /home/parajuli/repos/2026_learning_beamforming_EE_code/outputs/metrics/EE_lwin5000_3gpp_triplet/power_savings_bars.gzip already exists (likely from power_savings_bars_triplet.py) -- reusing it instead of re-running Monte Carlo.
Saved: /home/parajuli/repos/2026_learning_beamforming_EE_code/reports/figures/pdf/power_savings_boxplot.pdf
Saved: /home/parajuli/repos/2026_learning_beamforming_EE_code/reports/figures/jpg/power_savings_boxplot.jpg
Saved: /home/parajuli/repos/2026_learning_beamforming_EE_code/reports/figures/png/power_savings_boxplot.png

============================================================
POWER SAVINGS SUMMARY
============================================================
MMSE:
  Mean total power: 75.00 W (100.0% of budget)
  Samples below budget (>0.5W margin): 0.0%
  Min: 75.00 W, Max: 75.00 W, Std: 0.00 W
    User 1: mean 25.12 W (33.5% of this model's total), std 2.06 W
    User 2: mean 24.76 W (33.0% of this model's total), std 1.93 W
    User 3: mean 25.12 W (33.5% of this model's total), std 2.08 W
RM:
  Mean total power: 75.00 W (100.0% of budget)
  Samples below budget (>0.5W margin): 0.0%
  Min: 75.00 W, Max: 75.00 W, Std: 0.00 W
    User 1: mean 25.01 W (33.4% of this model's total), std 2.16 W
    User 2: mean 24.93 W (33.2% of this model's total), std 2.09 W
    User 3: mean 25.06 W (33.4% of this model's total), std 2.17 W
EE, $P=35$ W:
  Mean total power: 34.85 W (46.5% of budget)
  Samples below budget (>0.5W margin): 100.0%
  Min: 15.81 W, Max: 42.34 W, Std: 2.15 W
    User 1: mean 11.62 W (33.3% of this model's total), std 1.04 W
    User 2: mean 11.61 W (33.3% of this model's total), std 1.28 W
    User 3: mean 11.62 W (33.3% of this model's total), std 1.02 W
MMSE, $P=35$ W:
  Mean total power: 34.85 W (46.5% of budget)
  Samples below budget (>0.5W margin): 100.0%
  Min: 34.85 W, Max: 34.85 W, Std: 0.00 W
    User 1: mean 11.69 W (33.5% of this model's total), std 0.96 W
    User 2: mean 11.50 W (33.0% of this model's total), std 0.90 W
    User 3: mean 11.67 W (33.5% of this model's total), std 0.97 W
============================================================
airmont
Wed Sep  2 12:49:18 PM CEST 2026: Finished lwin5000/3GPP triplet power-savings boxplot figure!
