2026-09-02 15:27:56.251774: E external/local_xla/xla/stream_executor/cuda/cuda_dnn.cc:9261] Unable to register cuDNN factory: Attempting to register factory for plugin cuDNN when one has already been registered
2026-09-02 15:27:56.251800: E external/local_xla/xla/stream_executor/cuda/cuda_fft.cc:607] Unable to register cuFFT factory: Attempting to register factory for plugin cuFFT when one has already been registered
2026-09-02 15:27:56.252853: E external/local_xla/xla/stream_executor/cuda/cuda_blas.cc:1515] Unable to register cuBLAS factory: Attempting to register factory for plugin cuBLAS when one has already been registered
2026-09-02 15:27:56.257605: I tensorflow/core/platform/cpu_feature_guard.cc:182] This TensorFlow binary is optimized to use available CPU instructions in performance-critical operations.
To enable the following instructions: AVX2 FMA, in other operations, rebuild TensorFlow with the appropriate compiler flags.
2026-09-02 15:27:58.885818: W tensorflow/compiler/tf2tensorrt/utils/py_utils.cc:38] TF-TRT Warning: Could not find TensorRT
2026-09-02 15:28:04.718194: I external/local_xla/xla/stream_executor/cuda/cuda_executor.cc:901] successful NUMA node read from SysFS had negative value (-1), but there must be at least one NUMA node, so returning NUMA node zero. See more at https://github.com/torvalds/linux/blob/v6.0/Documentation/ABI/testing/sysfs-bus-pci#L344-L355
2026-09-02 15:28:04.762507: I external/local_xla/xla/stream_executor/cuda/cuda_executor.cc:901] successful NUMA node read from SysFS had negative value (-1), but there must be at least one NUMA node, so returning NUMA node zero. See more at https://github.com/torvalds/linux/blob/v6.0/Documentation/ABI/testing/sysfs-bus-pci#L344-L355
2026-09-02 15:28:04.763762: I external/local_xla/xla/stream_executor/cuda/cuda_executor.cc:901] successful NUMA node read from SysFS had negative value (-1), but there must be at least one NUMA node, so returning NUMA node zero. See more at https://github.com/torvalds/linux/blob/v6.0/Documentation/ABI/testing/sysfs-bus-pci#L344-L355
2026-09-02 15:28:08.788838: I external/local_xla/xla/stream_executor/cuda/cuda_executor.cc:901] successful NUMA node read from SysFS had negative value (-1), but there must be at least one NUMA node, so returning NUMA node zero. See more at https://github.com/torvalds/linux/blob/v6.0/Documentation/ABI/testing/sysfs-bus-pci#L344-L355
2026-09-02 15:28:08.790167: I external/local_xla/xla/stream_executor/cuda/cuda_executor.cc:901] successful NUMA node read from SysFS had negative value (-1), but there must be at least one NUMA node, so returning NUMA node zero. See more at https://github.com/torvalds/linux/blob/v6.0/Documentation/ABI/testing/sysfs-bus-pci#L344-L355
2026-09-02 15:28:08.791297: I external/local_xla/xla/stream_executor/cuda/cuda_executor.cc:901] successful NUMA node read from SysFS had negative value (-1), but there must be at least one NUMA node, so returning NUMA node zero. See more at https://github.com/torvalds/linux/blob/v6.0/Documentation/ABI/testing/sysfs-bus-pci#L344-L355
2026-09-02 15:28:08.889808: I external/local_xla/xla/stream_executor/cuda/cuda_executor.cc:901] successful NUMA node read from SysFS had negative value (-1), but there must be at least one NUMA node, so returning NUMA node zero. See more at https://github.com/torvalds/linux/blob/v6.0/Documentation/ABI/testing/sysfs-bus-pci#L344-L355
2026-09-02 15:28:08.890670: I external/local_xla/xla/stream_executor/cuda/cuda_executor.cc:901] successful NUMA node read from SysFS had negative value (-1), but there must be at least one NUMA node, so returning NUMA node zero. See more at https://github.com/torvalds/linux/blob/v6.0/Documentation/ABI/testing/sysfs-bus-pci#L344-L355
2026-09-02 15:28:08.891517: I external/local_xla/xla/stream_executor/cuda/cuda_executor.cc:901] successful NUMA node read from SysFS had negative value (-1), but there must be at least one NUMA node, so returning NUMA node zero. See more at https://github.com/torvalds/linux/blob/v6.0/Documentation/ABI/testing/sysfs-bus-pci#L344-L355
2026-09-02 15:28:08.892331: I tensorflow/core/common_runtime/gpu/gpu_device.cc:1929] Created device /job:localhost/replica:0/task:0/device:GPU:0 with 14251 MB memory:  -> device: 0, name: NVIDIA GeForce RTX 4060 Ti, pci bus id: 0000:21:00.0, compute capability: 8.9
2026-09-02 15:28:09.390375: I external/local_tsl/tsl/platform/default/subprocess.cc:304] Start cannot spawn child process: No such file or directory
Traceback (most recent call last):
  File "/home/parajuli/miniconda3/envs/gpu_beamforming/lib/python3.11/site-packages/matplotlib/texmanager.py", line 250, in _run_checked_subprocess
    report = subprocess.check_output(
             ^^^^^^^^^^^^^^^^^^^^^^^^
  File "/home/parajuli/miniconda3/envs/gpu_beamforming/lib/python3.11/subprocess.py", line 466, in check_output
    return run(*popenargs, stdout=PIPE, timeout=timeout, check=True,
           ^^^^^^^^^^^^^^^^^^^^^^^^^^^^^^^^^^^^^^^^^^^^^^^^^^^^^^^^^
  File "/home/parajuli/miniconda3/envs/gpu_beamforming/lib/python3.11/subprocess.py", line 548, in run
    with Popen(*popenargs, **kwargs) as process:
         ^^^^^^^^^^^^^^^^^^^^^^^^^^^
  File "/home/parajuli/miniconda3/envs/gpu_beamforming/lib/python3.11/subprocess.py", line 1026, in __init__
    self._execute_child(args, executable, preexec_fn, close_fds,
  File "/home/parajuli/miniconda3/envs/gpu_beamforming/lib/python3.11/subprocess.py", line 1955, in _execute_child
    raise child_exception_type(errno_num, err_msg, err_filename)
FileNotFoundError: [Errno 2] No such file or directory: 'latex'

The above exception was the direct cause of the following exception:

Traceback (most recent call last):
  File "/home/parajuli/repos/2026_learning_beamforming_EE_code/src/energy_efficiency/power_savings_bars_triplet.py", line 162, in <module>
    plot_power_savings_bars(
  File "/home/parajuli/repos/2026_learning_beamforming_EE_code/src/energy_efficiency/power_savings_bars_plot.py", line 82, in plot_power_savings_bars
    fig.tight_layout()
  File "/home/parajuli/miniconda3/envs/gpu_beamforming/lib/python3.11/site-packages/matplotlib/figure.py", line 3540, in tight_layout
    engine.execute(self)
  File "/home/parajuli/miniconda3/envs/gpu_beamforming/lib/python3.11/site-packages/matplotlib/layout_engine.py", line 183, in execute
    kwargs = get_tight_layout_figure(
             ^^^^^^^^^^^^^^^^^^^^^^^^
  File "/home/parajuli/miniconda3/envs/gpu_beamforming/lib/python3.11/site-packages/matplotlib/_tight_layout.py", line 266, in get_tight_layout_figure
    kwargs = _auto_adjust_subplotpars(fig, renderer,
             ^^^^^^^^^^^^^^^^^^^^^^^^^^^^^^^^^^^^^^^
  File "/home/parajuli/miniconda3/envs/gpu_beamforming/lib/python3.11/site-packages/matplotlib/_tight_layout.py", line 82, in _auto_adjust_subplotpars
    bb += [martist._get_tightbbox_for_layout_only(ax, renderer)]
           ^^^^^^^^^^^^^^^^^^^^^^^^^^^^^^^^^^^^^^^^^^^^^^^^^^^^
  File "/home/parajuli/miniconda3/envs/gpu_beamforming/lib/python3.11/site-packages/matplotlib/artist.py", line 1411, in _get_tightbbox_for_layout_only
    return obj.get_tightbbox(*args, **{**kwargs, "for_layout_only": True})
           ^^^^^^^^^^^^^^^^^^^^^^^^^^^^^^^^^^^^^^^^^^^^^^^^^^^^^^^^^^^^^^^
  File "/home/parajuli/miniconda3/envs/gpu_beamforming/lib/python3.11/site-packages/matplotlib/_api/deprecation.py", line 454, in wrapper
    return func(*args, **kwargs)
           ^^^^^^^^^^^^^^^^^^^^^
  File "/home/parajuli/miniconda3/envs/gpu_beamforming/lib/python3.11/site-packages/matplotlib/axes/_base.py", line 4395, in get_tightbbox
    ba = martist._get_tightbbox_for_layout_only(axis, renderer)
         ^^^^^^^^^^^^^^^^^^^^^^^^^^^^^^^^^^^^^^^^^^^^^^^^^^^^^^
  File "/home/parajuli/miniconda3/envs/gpu_beamforming/lib/python3.11/site-packages/matplotlib/artist.py", line 1411, in _get_tightbbox_for_layout_only
    return obj.get_tightbbox(*args, **{**kwargs, "for_layout_only": True})
           ^^^^^^^^^^^^^^^^^^^^^^^^^^^^^^^^^^^^^^^^^^^^^^^^^^^^^^^^^^^^^^^
  File "/home/parajuli/miniconda3/envs/gpu_beamforming/lib/python3.11/site-packages/matplotlib/axis.py", line 1336, in get_tightbbox
    self._update_label_position(renderer)
  File "/home/parajuli/miniconda3/envs/gpu_beamforming/lib/python3.11/site-packages/matplotlib/axis.py", line 2368, in _update_label_position
    bboxes, bboxes2 = self._get_tick_boxes_siblings(renderer=renderer)
                      ^^^^^^^^^^^^^^^^^^^^^^^^^^^^^^^^^^^^^^^^^^^^^^^^
  File "/home/parajuli/miniconda3/envs/gpu_beamforming/lib/python3.11/site-packages/matplotlib/axis.py", line 2161, in _get_tick_boxes_siblings
    tlb, tlb2 = axis._get_ticklabel_bboxes(ticks_to_draw, renderer)
                ^^^^^^^^^^^^^^^^^^^^^^^^^^^^^^^^^^^^^^^^^^^^^^^^^^^
  File "/home/parajuli/miniconda3/envs/gpu_beamforming/lib/python3.11/site-packages/matplotlib/axis.py", line 1315, in _get_ticklabel_bboxes
    return ([tick.label1.get_window_extent(renderer)
            ^^^^^^^^^^^^^^^^^^^^^^^^^^^^^^^^^^^^^^^^
  File "/home/parajuli/miniconda3/envs/gpu_beamforming/lib/python3.11/site-packages/matplotlib/axis.py", line 1315, in <listcomp>
    return ([tick.label1.get_window_extent(renderer)
             ^^^^^^^^^^^^^^^^^^^^^^^^^^^^^^^^^^^^^^^
  File "/home/parajuli/miniconda3/envs/gpu_beamforming/lib/python3.11/site-packages/matplotlib/text.py", line 956, in get_window_extent
    bbox, info, descent = self._get_layout(self._renderer)
                          ^^^^^^^^^^^^^^^^^^^^^^^^^^^^^^^^
  File "/home/parajuli/miniconda3/envs/gpu_beamforming/lib/python3.11/site-packages/matplotlib/text.py", line 373, in _get_layout
    _, lp_h, lp_d = _get_text_metrics_with_cache(
                    ^^^^^^^^^^^^^^^^^^^^^^^^^^^^^
  File "/home/parajuli/miniconda3/envs/gpu_beamforming/lib/python3.11/site-packages/matplotlib/text.py", line 69, in _get_text_metrics_with_cache
    return _get_text_metrics_with_cache_impl(
           ^^^^^^^^^^^^^^^^^^^^^^^^^^^^^^^^^^
  File "/home/parajuli/miniconda3/envs/gpu_beamforming/lib/python3.11/site-packages/matplotlib/text.py", line 77, in _get_text_metrics_with_cache_impl
    return renderer_ref().get_text_width_height_descent(text, fontprop, ismath)
           ^^^^^^^^^^^^^^^^^^^^^^^^^^^^^^^^^^^^^^^^^^^^^^^^^^^^^^^^^^^^^^^^^^^^
  File "/home/parajuli/miniconda3/envs/gpu_beamforming/lib/python3.11/site-packages/matplotlib/backends/backend_agg.py", line 213, in get_text_width_height_descent
    return super().get_text_width_height_descent(s, prop, ismath)
           ^^^^^^^^^^^^^^^^^^^^^^^^^^^^^^^^^^^^^^^^^^^^^^^^^^^^^^
  File "/home/parajuli/miniconda3/envs/gpu_beamforming/lib/python3.11/site-packages/matplotlib/backend_bases.py", line 652, in get_text_width_height_descent
    return self.get_texmanager().get_text_width_height_descent(
           ^^^^^^^^^^^^^^^^^^^^^^^^^^^^^^^^^^^^^^^^^^^^^^^^^^^^
  File "/home/parajuli/miniconda3/envs/gpu_beamforming/lib/python3.11/site-packages/matplotlib/texmanager.py", line 363, in get_text_width_height_descent
    dvifile = cls.make_dvi(tex, fontsize)
              ^^^^^^^^^^^^^^^^^^^^^^^^^^^
  File "/home/parajuli/miniconda3/envs/gpu_beamforming/lib/python3.11/site-packages/matplotlib/texmanager.py", line 295, in make_dvi
    cls._run_checked_subprocess(
  File "/home/parajuli/miniconda3/envs/gpu_beamforming/lib/python3.11/site-packages/matplotlib/texmanager.py", line 254, in _run_checked_subprocess
    raise RuntimeError(
RuntimeError: Failed to process string with tex because latex could not be found
srun: error: hildesheim: task 0: Exited with exit code 1
