Mon Aug  3 12:37:53 2026       
+-----------------------------------------------------------------------------------------+
| NVIDIA-SMI 580.173.02             Driver Version: 580.173.02     CUDA Version: 13.0     |
+-----------------------------------------+------------------------+----------------------+
| GPU  Name                 Persistence-M | Bus-Id          Disp.A | Volatile Uncorr. ECC |
| Fan  Temp   Perf          Pwr:Usage/Cap |           Memory-Usage | GPU-Util  Compute M. |
|                                         |                        |               MIG M. |
|=========================================+========================+======================|
|   0  NVIDIA GeForce RTX 4090        Off |   00000000:21:00.0 Off |                  Off |
|  0%   36C    P8             19W /  450W |       4MiB /  24564MiB |      0%      Default |
|                                         |                        |                  N/A |
+-----------------------------------------+------------------------+----------------------+
|   1  NVIDIA GeForce RTX 4090        Off |   00000000:41:00.0 Off |                  Off |
|  0%   32C    P8              5W /  450W |       1MiB /  24564MiB |      0%      Default |
|                                         |                        |                  N/A |
+-----------------------------------------+------------------------+----------------------+
|   2  NVIDIA GeForce RTX 4090        Off |   00000000:A1:00.0 Off |                  Off |
|  0%   33C    P8             12W /  450W |       1MiB /  24564MiB |      0%      Default |
|                                         |                        |                  N/A |
+-----------------------------------------+------------------------+----------------------+
|   3  NVIDIA GeForce RTX 4090        Off |   00000000:C1:00.0 Off |                  Off |
|  0%   29C    P8              3W /  450W |       1MiB /  24564MiB |      0%      Default |
|                                         |                        |                  N/A |
+-----------------------------------------+------------------------+----------------------+
|   4  NVIDIA GeForce RTX 4090        Off |   00000000:C2:00.0 Off |                  Off |
|  0%   31C    P8             13W /  450W |       1MiB /  24564MiB |      0%      Default |
|                                         |                        |                  N/A |
+-----------------------------------------+------------------------+----------------------+

+-----------------------------------------------------------------------------------------+
| Processes:                                                                              |
|  GPU   GI   CI              PID   Type   Process name                        GPU Memory |
|        ID   ID                                                               Usage      |
|=========================================================================================|
|  No running processes found                                                             |
+-----------------------------------------------------------------------------------------+
anatolien
2026-08-03 12:38:28 : INFO     : 12-38-25                       : __logging_setup           :: GPUs detected: [PhysicalDevice(name='/physical_device:GPU:0', device_type='GPU')]
System check: sat_gain_dBi=30.0, power_constraint_watt=75.0
=== SAC (error=0.0 checkpoint), full sweep @ 30dBi/75W ===
2026-08-03 12:38:28 : INFO     : 12-38-28                       : __logging_setup           :: GPUs detected: [PhysicalDevice(name='/physical_device:GPU:0', device_type='GPU')]
2026-08-03 12:38:33 : INFO     : 12-38-28.src.data.satellite_manager : __init__                  :: satellites setup complete
2026-08-03 12:38:33 : INFO     : 12-38-28.src.data.user_manager : __init__                  :: user setup complete
[SAC err=0.0] error=0.00: rate=4.1688 bps/Hz, power=75.00 W (100.0% of 75 W budget)
[SAC err=0.0] error=0.01: rate=4.1256 bps/Hz, power=75.00 W (100.0% of 75 W budget)
[SAC err=0.0] error=0.02: rate=4.0740 bps/Hz, power=75.00 W (100.0% of 75 W budget)
[SAC err=0.0] error=0.03: rate=3.9845 bps/Hz, power=75.00 W (100.0% of 75 W budget)
[SAC err=0.0] error=0.04: rate=3.8273 bps/Hz, power=75.00 W (100.0% of 75 W budget)
[SAC err=0.0] error=0.05: rate=3.7682 bps/Hz, power=75.00 W (100.0% of 75 W budget)
[SAC err=0.0] error=0.06: rate=3.7101 bps/Hz, power=75.00 W (100.0% of 75 W budget)
[SAC err=0.0] error=0.07: rate=3.6834 bps/Hz, power=75.00 W (100.0% of 75 W budget)
[SAC err=0.0] error=0.08: rate=3.6575 bps/Hz, power=75.00 W (100.0% of 75 W budget)
[SAC err=0.0] error=0.09: rate=3.6262 bps/Hz, power=75.00 W (100.0% of 75 W budget)
[SAC err=0.0] error=0.10: rate=3.5873 bps/Hz, power=75.00 W (100.0% of 75 W budget)
=== SAC (error=0.05 checkpoint), full sweep @ 30dBi/75W ===
2026-08-03 12:41:22 : INFO     : 12-41-22                       : __logging_setup           :: GPUs detected: [PhysicalDevice(name='/physical_device:GPU:0', device_type='GPU')]
2026-08-03 12:41:23 : INFO     : 12-41-22.src.data.satellite_manager : __init__                  :: satellites setup complete
2026-08-03 12:41:23 : INFO     : 12-41-22.src.data.user_manager : __init__                  :: user setup complete
[SAC err=0.05] error=0.00: rate=2.7237 bps/Hz, power=75.00 W (100.0% of 75 W budget)
[SAC err=0.05] error=0.01: rate=2.7284 bps/Hz, power=75.00 W (100.0% of 75 W budget)
[SAC err=0.05] error=0.02: rate=2.7287 bps/Hz, power=75.00 W (100.0% of 75 W budget)
[SAC err=0.05] error=0.03: rate=2.7124 bps/Hz, power=75.00 W (100.0% of 75 W budget)
[SAC err=0.05] error=0.04: rate=2.7306 bps/Hz, power=75.00 W (100.0% of 75 W budget)
[SAC err=0.05] error=0.05: rate=2.7218 bps/Hz, power=75.00 W (100.0% of 75 W budget)
[SAC err=0.05] error=0.06: rate=2.7196 bps/Hz, power=75.00 W (100.0% of 75 W budget)
[SAC err=0.05] error=0.07: rate=2.7251 bps/Hz, power=75.00 W (100.0% of 75 W budget)
[SAC err=0.05] error=0.08: rate=2.6991 bps/Hz, power=75.00 W (100.0% of 75 W budget)
[SAC err=0.05] error=0.09: rate=2.7408 bps/Hz, power=75.00 W (100.0% of 75 W budget)
[SAC err=0.05] error=0.10: rate=2.7124 bps/Hz, power=75.00 W (100.0% of 75 W budget)

Matched-power target (SAC err=0.0 @ error=0): 75.00 W
=== MMSE (full 75W budget), full sweep @ 30dBi ===
2026-08-03 12:44:11 : INFO     : 12-44-11                       : __logging_setup           :: GPUs detected: [PhysicalDevice(name='/physical_device:GPU:0', device_type='GPU')]
2026-08-03 12:44:11 : INFO     : 12-44-11.src.data.satellite_manager : __init__                  :: satellites setup complete
2026-08-03 12:44:11 : INFO     : 12-44-11.src.data.user_manager : __init__                  :: user setup complete
[MMSE (75W)] error=0.00: rate=12.1674 bps/Hz
[MMSE (75W)] error=0.01: rate=11.7490 bps/Hz
[MMSE (75W)] error=0.02: rate=10.6957 bps/Hz
[MMSE (75W)] error=0.03: rate=9.1379 bps/Hz
[MMSE (75W)] error=0.04: rate=7.2657 bps/Hz
[MMSE (75W)] error=0.05: rate=5.9323 bps/Hz
[MMSE (75W)] error=0.06: rate=5.1713 bps/Hz
[MMSE (75W)] error=0.07: rate=4.6684 bps/Hz
[MMSE (75W)] error=0.08: rate=4.1992 bps/Hz
[MMSE (75W)] error=0.09: rate=3.6857 bps/Hz
[MMSE (75W)] error=0.10: rate=3.3887 bps/Hz
=== MMSE (matched 75.00W), full sweep @ 30dBi ===
2026-08-03 12:44:50 : INFO     : 12-44-50                       : __logging_setup           :: GPUs detected: [PhysicalDevice(name='/physical_device:GPU:0', device_type='GPU')]
2026-08-03 12:44:50 : INFO     : 12-44-50.src.data.satellite_manager : __init__                  :: satellites setup complete
2026-08-03 12:44:50 : INFO     : 12-44-50.src.data.user_manager : __init__                  :: user setup complete
[MMSE (matched)] error=0.00: rate=12.1657 bps/Hz
[MMSE (matched)] error=0.01: rate=11.7462 bps/Hz
[MMSE (matched)] error=0.02: rate=10.6861 bps/Hz
[MMSE (matched)] error=0.03: rate=9.1423 bps/Hz
[MMSE (matched)] error=0.04: rate=7.2751 bps/Hz
[MMSE (matched)] error=0.05: rate=5.9408 bps/Hz
[MMSE (matched)] error=0.06: rate=5.1820 bps/Hz
[MMSE (matched)] error=0.07: rate=4.6767 bps/Hz
[MMSE (matched)] error=0.08: rate=4.1609 bps/Hz
[MMSE (matched)] error=0.09: rate=3.7163 bps/Hz
[MMSE (matched)] error=0.10: rate=3.4063 bps/Hz
Saved: /home/parajuli/repos/2026_learning_beamforming_EE_code/outputs/metrics/parajuli_3gpp_matched_power_check/parajuli_3gpp_sweep.gzip
Saved: /home/parajuli/repos/2026_learning_beamforming_EE_code/reports/figures/pdf/parajuli.pdf

=== Summary (30 dBi / 75 W system) ===
SAC (error=0.0 checkpoint) power @ error=0.0:  75.00 W (100.0% of 75W budget), rate 4.1688 bps/Hz
SAC (error=0.05 checkpoint) power @ error=0.05: 75.00 W (100.0% of 75W budget), rate 2.7218 bps/Hz
anatolien
Mon Aug  3 12:45:33 PM CEST 2026: Finished parajuli 3GPP matched-power check!
