Mon Aug  3 12:49:45 2026       
+-----------------------------------------------------------------------------------------+
| NVIDIA-SMI 580.173.02             Driver Version: 580.173.02     CUDA Version: 13.0     |
+-----------------------------------------+------------------------+----------------------+
| GPU  Name                 Persistence-M | Bus-Id          Disp.A | Volatile Uncorr. ECC |
| Fan  Temp   Perf          Pwr:Usage/Cap |           Memory-Usage | GPU-Util  Compute M. |
|                                         |                        |               MIG M. |
|=========================================+========================+======================|
|   0  NVIDIA GeForce RTX 4090        Off |   00000000:21:00.0 Off |                  Off |
|  0%   37C    P8             18W /  450W |       4MiB /  24564MiB |      0%      Default |
|                                         |                        |                  N/A |
+-----------------------------------------+------------------------+----------------------+
|   1  NVIDIA GeForce RTX 4090        Off |   00000000:41:00.0 Off |                  Off |
|  0%   34C    P8              6W /  450W |       1MiB /  24564MiB |      0%      Default |
|                                         |                        |                  N/A |
+-----------------------------------------+------------------------+----------------------+
|   2  NVIDIA GeForce RTX 4090        Off |   00000000:A1:00.0 Off |                  Off |
|  0%   33C    P8             13W /  450W |       1MiB /  24564MiB |      0%      Default |
|                                         |                        |                  N/A |
+-----------------------------------------+------------------------+----------------------+
|   3  NVIDIA GeForce RTX 4090        Off |   00000000:C1:00.0 Off |                  Off |
|  0%   29C    P8              3W /  450W |       1MiB /  24564MiB |      0%      Default |
|                                         |                        |                  N/A |
+-----------------------------------------+------------------------+----------------------+
|   4  NVIDIA GeForce RTX 4090        Off |   00000000:C2:00.0 Off |                  Off |
|  0%   32C    P8             13W /  450W |       1MiB /  24564MiB |      0%      Default |
|                                         |                        |                  N/A |
+-----------------------------------------+------------------------+----------------------+

+-----------------------------------------------------------------------------------------+
| Processes:                                                                              |
|  GPU   GI   CI              PID   Type   Process name                        GPU Memory |
|        ID   ID                                                               Usage      |
|=========================================================================================|
|  No running processes found                                                             |
+-----------------------------------------------------------------------------------------+
anatolien
2026-08-03 12:49:52 : INFO     : 12-49-52                       : __logging_setup           :: GPUs detected: [PhysicalDevice(name='/physical_device:GPU:0', device_type='GPU')]
System check: sat_gain_dBi=30.0, power_constraint_watt=75.0
=== SAC (detlam, error=0.0 checkpoint), full sweep @ 30dBi/75W ===
2026-08-03 12:49:52 : INFO     : 12-49-52                       : __logging_setup           :: GPUs detected: [PhysicalDevice(name='/physical_device:GPU:0', device_type='GPU')]
2026-08-03 12:49:52 : INFO     : 12-49-52                       : __logging_setup           :: GPUs detected: [PhysicalDevice(name='/physical_device:GPU:0', device_type='GPU')]
2026-08-03 12:49:55 : INFO     : 12-49-52.src.data.satellite_manager : __init__                  :: satellites setup complete
2026-08-03 12:49:55 : INFO     : 12-49-52.src.data.satellite_manager : __init__                  :: satellites setup complete
2026-08-03 12:49:55 : INFO     : 12-49-52.src.data.user_manager : __init__                  :: user setup complete
2026-08-03 12:49:55 : INFO     : 12-49-52.src.data.user_manager : __init__                  :: user setup complete
[SAC err=0.0] error=0.00: rate=3.8892 bps/Hz, power=19.97 W (26.6% of 75 W budget)
[SAC err=0.0] error=0.01: rate=3.7776 bps/Hz, power=19.94 W (26.6% of 75 W budget)
[SAC err=0.0] error=0.02: rate=3.5038 bps/Hz, power=19.96 W (26.6% of 75 W budget)
[SAC err=0.0] error=0.03: rate=3.1090 bps/Hz, power=19.80 W (26.4% of 75 W budget)
[SAC err=0.0] error=0.04: rate=2.7413 bps/Hz, power=19.66 W (26.2% of 75 W budget)
[SAC err=0.0] error=0.05: rate=2.4307 bps/Hz, power=19.58 W (26.1% of 75 W budget)
[SAC err=0.0] error=0.06: rate=2.2436 bps/Hz, power=19.23 W (25.6% of 75 W budget)
[SAC err=0.0] error=0.07: rate=2.0852 bps/Hz, power=19.08 W (25.4% of 75 W budget)
[SAC err=0.0] error=0.08: rate=1.9998 bps/Hz, power=18.89 W (25.2% of 75 W budget)
[SAC err=0.0] error=0.09: rate=1.9299 bps/Hz, power=18.66 W (24.9% of 75 W budget)
[SAC err=0.0] error=0.10: rate=1.8672 bps/Hz, power=18.40 W (24.5% of 75 W budget)
=== SAC (detlam, error=0.05 checkpoint), full sweep @ 30dBi/75W ===
2026-08-03 12:52:41 : INFO     : 12-52-41                       : __logging_setup           :: GPUs detected: [PhysicalDevice(name='/physical_device:GPU:0', device_type='GPU')]
2026-08-03 12:52:41 : INFO     : 12-52-41.src.data.satellite_manager : __init__                  :: satellites setup complete
2026-08-03 12:52:41 : INFO     : 12-52-41.src.data.user_manager : __init__                  :: user setup complete
[SAC err=0.05] error=0.00: rate=2.5242 bps/Hz, power=21.90 W (29.2% of 75 W budget)
[SAC err=0.05] error=0.01: rate=2.5158 bps/Hz, power=21.96 W (29.3% of 75 W budget)
[SAC err=0.05] error=0.02: rate=2.5267 bps/Hz, power=22.04 W (29.4% of 75 W budget)
[SAC err=0.05] error=0.03: rate=2.5053 bps/Hz, power=21.81 W (29.1% of 75 W budget)
[SAC err=0.05] error=0.04: rate=2.5021 bps/Hz, power=21.96 W (29.3% of 75 W budget)
[SAC err=0.05] error=0.05: rate=2.4757 bps/Hz, power=21.97 W (29.3% of 75 W budget)
[SAC err=0.05] error=0.06: rate=2.4213 bps/Hz, power=22.03 W (29.4% of 75 W budget)
[SAC err=0.05] error=0.07: rate=2.3334 bps/Hz, power=21.87 W (29.2% of 75 W budget)
[SAC err=0.05] error=0.08: rate=2.2765 bps/Hz, power=21.90 W (29.2% of 75 W budget)
[SAC err=0.05] error=0.09: rate=2.2355 bps/Hz, power=21.90 W (29.2% of 75 W budget)
[SAC err=0.05] error=0.10: rate=2.1764 bps/Hz, power=21.87 W (29.2% of 75 W budget)

Matched-power target (SAC err=0.0 @ error=0): 19.97 W
=== MMSE (full 75W budget), full sweep @ 30dBi ===
2026-08-03 12:55:29 : INFO     : 12-55-29                       : __logging_setup           :: GPUs detected: [PhysicalDevice(name='/physical_device:GPU:0', device_type='GPU')]
2026-08-03 12:55:29 : INFO     : 12-55-29.src.data.satellite_manager : __init__                  :: satellites setup complete
2026-08-03 12:55:29 : INFO     : 12-55-29.src.data.user_manager : __init__                  :: user setup complete
[MMSE (75W)] error=0.00: rate=12.1673 bps/Hz
[MMSE (75W)] error=0.01: rate=11.7432 bps/Hz
[MMSE (75W)] error=0.02: rate=10.7024 bps/Hz
[MMSE (75W)] error=0.03: rate=9.1718 bps/Hz
[MMSE (75W)] error=0.04: rate=7.2916 bps/Hz
[MMSE (75W)] error=0.05: rate=5.9257 bps/Hz
[MMSE (75W)] error=0.06: rate=5.1956 bps/Hz
[MMSE (75W)] error=0.07: rate=4.6503 bps/Hz
[MMSE (75W)] error=0.08: rate=4.1578 bps/Hz
[MMSE (75W)] error=0.09: rate=3.7412 bps/Hz
[MMSE (75W)] error=0.10: rate=3.3544 bps/Hz
=== MMSE (matched 19.97W), full sweep @ 30dBi ===
2026-08-03 12:56:08 : INFO     : 12-56-08                       : __logging_setup           :: GPUs detected: [PhysicalDevice(name='/physical_device:GPU:0', device_type='GPU')]
2026-08-03 12:56:08 : INFO     : 12-56-08.src.data.satellite_manager : __init__                  :: satellites setup complete
2026-08-03 12:56:08 : INFO     : 12-56-08.src.data.user_manager : __init__                  :: user setup complete
[MMSE (matched)] error=0.00: rate=7.1272 bps/Hz
[MMSE (matched)] error=0.01: rate=6.8814 bps/Hz
[MMSE (matched)] error=0.02: rate=6.1795 bps/Hz
[MMSE (matched)] error=0.03: rate=5.1392 bps/Hz
[MMSE (matched)] error=0.04: rate=4.0033 bps/Hz
[MMSE (matched)] error=0.05: rate=3.2177 bps/Hz
[MMSE (matched)] error=0.06: rate=2.7827 bps/Hz
[MMSE (matched)] error=0.07: rate=2.4658 bps/Hz
[MMSE (matched)] error=0.08: rate=2.1954 bps/Hz
[MMSE (matched)] error=0.09: rate=1.9553 bps/Hz
[MMSE (matched)] error=0.10: rate=1.7552 bps/Hz
Saved: /home/parajuli/repos/2026_learning_beamforming_EE_code/outputs/metrics/parajuli_3gpp_native_matched_power_check/parajuli_3gpp_native_sweep.gzip
Saved: /home/parajuli/repos/2026_learning_beamforming_EE_code/reports/figures/pdf/parajuli.pdf

=== Summary (30 dBi / 75 W system, natively-trained detlam checkpoints) ===
SAC (error=0.0 checkpoint) power @ error=0.0:  19.97 W (26.6% of 75W budget), rate 3.8892 bps/Hz
SAC (error=0.05 checkpoint) power @ error=0.05: 21.97 W (29.3% of 75W budget), rate 2.4757 bps/Hz
anatolien
Mon Aug  3 12:56:49 PM CEST 2026: Finished parajuli 3GPP native-checkpoint matched-power check!
