mumbai
2026-08-25 12:34:18 : INFO     : 12-34-18                       : __logging_setup           :: GPUs detected: [PhysicalDevice(name='/physical_device:GPU:0', device_type='GPU')]
[ee_vs_transmit_power_sweep_sac] checkpoint: /home/parajuli/repos/2026_learning_beamforming_EE_code/models/EE_dinkelbach_adaptive_lwin5000_N16K3_satg30_p75_eta0.6_rawpow/base/full_snap_energy_effiency_3.518, csit_error_bound=0.0
2026-08-25 12:34:20 : INFO     : 12-34-18.src.data.satellite_manager : __init__                  :: satellites setup complete
2026-08-25 12:34:20 : INFO     : 12-34-18.src.data.user_manager : __init__                  :: user setup complete
transmit_power=  1.00 W: rate=0.8217 bps/Hz, EE=0.04651 bps/Hz/W
transmit_power=  2.90 W: rate=2.0443 bps/Hz, EE=0.09815 bps/Hz/W
transmit_power=  4.79 W: rate=2.9918 bps/Hz, EE=0.12470 bps/Hz/W
transmit_power=  6.69 W: rate=3.7668 bps/Hz, EE=0.13872 bps/Hz/W
transmit_power=  8.59 W: rate=4.4188 bps/Hz, EE=0.14576 bps/Hz/W
transmit_power= 10.49 W: rate=4.9843 bps/Hz, EE=0.14888 bps/Hz/W
transmit_power= 12.38 W: rate=5.4859 bps/Hz, EE=0.14972 bps/Hz/W
transmit_power= 14.28 W: rate=5.9296 bps/Hz, EE=0.14897 bps/Hz/W
transmit_power= 16.18 W: rate=6.3303 bps/Hz, EE=0.14733 bps/Hz/W
transmit_power= 18.08 W: rate=6.6954 bps/Hz, EE=0.14515 bps/Hz/W
transmit_power= 19.97 W: rate=7.0376 bps/Hz, EE=0.14278 bps/Hz/W
transmit_power= 21.87 W: rate=7.3519 bps/Hz, EE=0.14016 bps/Hz/W
transmit_power= 23.77 W: rate=7.6385 bps/Hz, EE=0.13735 bps/Hz/W
transmit_power= 25.67 W: rate=7.9128 bps/Hz, EE=0.13462 bps/Hz/W
transmit_power= 27.56 W: rate=8.1629 bps/Hz, EE=0.13179 bps/Hz/W
transmit_power= 29.46 W: rate=8.4083 bps/Hz, EE=0.12916 bps/Hz/W
transmit_power= 31.36 W: rate=8.6310 bps/Hz, EE=0.12643 bps/Hz/W
transmit_power= 33.26 W: rate=8.8468 bps/Hz, EE=0.12386 bps/Hz/W
transmit_power= 35.15 W: rate=9.0452 bps/Hz, EE=0.12127 bps/Hz/W
transmit_power= 37.05 W: rate=9.2476 bps/Hz, EE=0.11894 bps/Hz/W
transmit_power= 38.95 W: rate=9.4266 bps/Hz, EE=0.11650 bps/Hz/W
transmit_power= 40.85 W: rate=9.6089 bps/Hz, EE=0.11429 bps/Hz/W
transmit_power= 42.74 W: rate=9.7704 bps/Hz, EE=0.11199 bps/Hz/W
transmit_power= 44.64 W: rate=9.9406 bps/Hz, EE=0.10996 bps/Hz/W
transmit_power= 46.54 W: rate=10.0898 bps/Hz, EE=0.10784 bps/Hz/W
transmit_power= 48.44 W: rate=10.2478 bps/Hz, EE=0.10595 bps/Hz/W
transmit_power= 50.33 W: rate=10.3986 bps/Hz, EE=0.10410 bps/Hz/W
transmit_power= 52.23 W: rate=10.5364 bps/Hz, EE=0.10224 bps/Hz/W
transmit_power= 54.13 W: rate=10.6761 bps/Hz, EE=0.10051 bps/Hz/W
transmit_power= 56.03 W: rate=10.8119 bps/Hz, EE=0.09885 bps/Hz/W
transmit_power= 57.92 W: rate=10.9386 bps/Hz, EE=0.09720 bps/Hz/W
transmit_power= 59.82 W: rate=11.0696 bps/Hz, EE=0.09567 bps/Hz/W
transmit_power= 61.72 W: rate=11.1752 bps/Hz, EE=0.09402 bps/Hz/W
transmit_power= 63.62 W: rate=11.2930 bps/Hz, EE=0.09255 bps/Hz/W
transmit_power= 65.51 W: rate=11.4026 bps/Hz, EE=0.09108 bps/Hz/W
transmit_power= 67.41 W: rate=11.5265 bps/Hz, EE=0.08981 bps/Hz/W
transmit_power= 69.31 W: rate=11.5958 bps/Hz, EE=0.08817 bps/Hz/W
transmit_power= 71.21 W: rate=11.7214 bps/Hz, EE=0.08703 bps/Hz/W
transmit_power= 73.10 W: rate=11.8191 bps/Hz, EE=0.08575 bps/Hz/W
transmit_power= 75.00 W: rate=11.9210 bps/Hz, EE=0.08455 bps/Hz/W
Saved: /home/parajuli/repos/2026_learning_beamforming_EE_code/outputs/metrics/EE_vs_transmit_power/ee_vs_power_sweep_sac_error0.gzip
SAC EE maximizer: transmit_power=12.38 W (budget=75 W), EE=0.14972 bps/Hz/W, rate=5.4859 bps/Hz
Saved: /home/parajuli/repos/2026_learning_beamforming_EE_code/reports/figures/pdf/ee_vs_transmit_power_sac_error0.pdf
Saved: /home/parajuli/repos/2026_learning_beamforming_EE_code/reports/figures/jpg/ee_vs_transmit_power_sac_error0.jpg
mumbai
Tue Aug 25 12:41:05 PM CEST 2026: Finished SAC EE-vs-transmit-power sweep!
