mumbai
2026-08-31 16:02:22 : INFO     : 16-02-19                       : __logging_setup           :: GPUs detected: [PhysicalDevice(name='/physical_device:GPU:0', device_type='GPU')]
[ee_vs_transmit_power_sweep_sac] checkpoint: /home/parajuli/repos/2026_learning_beamforming_EE_code/models/EE_dinkelbach_adaptive_lwin5000_N16K3_satg30_p75_eta0.6_rawpow/base/full_snap_energy_effiency_3.518, csit_error_bound=0.0
2026-08-31 16:02:27 : INFO     : 16-02-19.src.data.satellite_manager : __init__                  :: satellites setup complete
2026-08-31 16:02:27 : INFO     : 16-02-19.src.data.user_manager : __init__                  :: user setup complete
transmit_power=  1.00 W: rate=0.8228 bps/Hz, EE=0.04657 bps/Hz/W
transmit_power=  2.90 W: rate=2.0452 bps/Hz, EE=0.09819 bps/Hz/W
transmit_power=  4.79 W: rate=2.9934 bps/Hz, EE=0.12477 bps/Hz/W
transmit_power=  6.69 W: rate=3.7641 bps/Hz, EE=0.13862 bps/Hz/W
transmit_power=  8.59 W: rate=4.4174 bps/Hz, EE=0.14571 bps/Hz/W
transmit_power= 10.49 W: rate=4.9836 bps/Hz, EE=0.14886 bps/Hz/W
transmit_power= 12.38 W: rate=5.4821 bps/Hz, EE=0.14962 bps/Hz/W
transmit_power= 14.28 W: rate=5.9318 bps/Hz, EE=0.14903 bps/Hz/W
transmit_power= 16.18 W: rate=6.3286 bps/Hz, EE=0.14729 bps/Hz/W
transmit_power= 18.08 W: rate=6.7010 bps/Hz, EE=0.14527 bps/Hz/W
transmit_power= 19.97 W: rate=7.0347 bps/Hz, EE=0.14272 bps/Hz/W
transmit_power= 21.87 W: rate=7.3412 bps/Hz, EE=0.13996 bps/Hz/W
transmit_power= 23.77 W: rate=7.6380 bps/Hz, EE=0.13734 bps/Hz/W
transmit_power= 25.67 W: rate=7.9120 bps/Hz, EE=0.13461 bps/Hz/W
transmit_power= 27.56 W: rate=8.1671 bps/Hz, EE=0.13185 bps/Hz/W
transmit_power= 29.46 W: rate=8.4032 bps/Hz, EE=0.12908 bps/Hz/W
transmit_power= 31.36 W: rate=8.6340 bps/Hz, EE=0.12648 bps/Hz/W
transmit_power= 33.26 W: rate=8.8421 bps/Hz, EE=0.12379 bps/Hz/W
transmit_power= 35.15 W: rate=9.0445 bps/Hz, EE=0.12126 bps/Hz/W
transmit_power= 37.05 W: rate=9.2385 bps/Hz, EE=0.11882 bps/Hz/W
transmit_power= 38.95 W: rate=9.4354 bps/Hz, EE=0.11661 bps/Hz/W
transmit_power= 40.85 W: rate=9.6171 bps/Hz, EE=0.11438 bps/Hz/W
transmit_power= 42.74 W: rate=9.7750 bps/Hz, EE=0.11205 bps/Hz/W
transmit_power= 44.64 W: rate=9.9375 bps/Hz, EE=0.10993 bps/Hz/W
transmit_power= 46.54 W: rate=10.1016 bps/Hz, EE=0.10796 bps/Hz/W
transmit_power= 48.44 W: rate=10.2465 bps/Hz, EE=0.10593 bps/Hz/W
transmit_power= 50.33 W: rate=10.3801 bps/Hz, EE=0.10392 bps/Hz/W
transmit_power= 52.23 W: rate=10.5415 bps/Hz, EE=0.10229 bps/Hz/W
transmit_power= 54.13 W: rate=10.6664 bps/Hz, EE=0.10042 bps/Hz/W
transmit_power= 56.03 W: rate=10.8077 bps/Hz, EE=0.09881 bps/Hz/W
transmit_power= 57.92 W: rate=10.9343 bps/Hz, EE=0.09716 bps/Hz/W
transmit_power= 59.82 W: rate=11.0555 bps/Hz, EE=0.09555 bps/Hz/W
transmit_power= 61.72 W: rate=11.1717 bps/Hz, EE=0.09399 bps/Hz/W
transmit_power= 63.62 W: rate=11.2834 bps/Hz, EE=0.09247 bps/Hz/W
transmit_power= 65.51 W: rate=11.4011 bps/Hz, EE=0.09107 bps/Hz/W
transmit_power= 67.41 W: rate=11.5158 bps/Hz, EE=0.08972 bps/Hz/W
transmit_power= 69.31 W: rate=11.6236 bps/Hz, EE=0.08838 bps/Hz/W
transmit_power= 71.21 W: rate=11.7161 bps/Hz, EE=0.08700 bps/Hz/W
transmit_power= 73.10 W: rate=11.8292 bps/Hz, EE=0.08582 bps/Hz/W
transmit_power= 75.00 W: rate=11.9259 bps/Hz, EE=0.08458 bps/Hz/W
Saved: /home/parajuli/repos/2026_learning_beamforming_EE_code/outputs/metrics/EE_vs_transmit_power/ee_vs_power_sweep_sac_error0.gzip
SAC EE maximizer: transmit_power=12.38 W (budget=75 W), EE=0.14962 bps/Hz/W, rate=5.4821 bps/Hz
Saved: /home/parajuli/repos/2026_learning_beamforming_EE_code/reports/figures/pdf/ee_vs_transmit_power_sac_error0_paper.pdf
Saved: /home/parajuli/repos/2026_learning_beamforming_EE_code/reports/figures/jpg/ee_vs_transmit_power_sac_error0_paper.jpg
Saved: /home/parajuli/repos/2026_learning_beamforming_EE_code/reports/figures/png/ee_vs_transmit_power_sac_error0_paper.png
mumbai
Mon Aug 31 04:09:45 PM CEST 2026: Finished SAC EE-vs-transmit-power sweep (paper figure, no maximizer marker)!
