mumbai
2026-08-25 12:33:51 : INFO     : 12-33-51                       : __logging_setup           :: GPUs detected: [PhysicalDevice(name='/physical_device:GPU:0', device_type='GPU'), PhysicalDevice(name='/physical_device:GPU:1', device_type='GPU')]
[system] sat_gain_dBi=30.0, budget=75.0 W, pa_efficiency=0.6, circuit_power_watt=1.0, csit_error_bound=0.0
2026-08-25 12:33:51 : INFO     : 12-33-51.src.data.satellite_manager : __init__                  :: satellites setup complete
2026-08-25 12:33:51 : INFO     : 12-33-51.src.data.user_manager : __init__                  :: user setup complete
transmit_power=  1.00 W: rate=0.8235 bps/Hz, EE=0.04661 bps/Hz/W
transmit_power=  2.90 W: rate=2.0526 bps/Hz, EE=0.09855 bps/Hz/W
transmit_power=  4.79 W: rate=3.0076 bps/Hz, EE=0.12536 bps/Hz/W
transmit_power=  6.69 W: rate=3.7857 bps/Hz, EE=0.13942 bps/Hz/W
transmit_power=  8.59 W: rate=4.4487 bps/Hz, EE=0.14674 bps/Hz/W
transmit_power= 10.49 W: rate=5.0233 bps/Hz, EE=0.15005 bps/Hz/W
transmit_power= 12.38 W: rate=5.5293 bps/Hz, EE=0.15090 bps/Hz/W
transmit_power= 14.28 W: rate=5.9813 bps/Hz, EE=0.15027 bps/Hz/W
transmit_power= 16.18 W: rate=6.3894 bps/Hz, EE=0.14871 bps/Hz/W
transmit_power= 18.08 W: rate=6.7634 bps/Hz, EE=0.14662 bps/Hz/W
transmit_power= 19.97 W: rate=7.1068 bps/Hz, EE=0.14418 bps/Hz/W
transmit_power= 21.87 W: rate=7.4256 bps/Hz, EE=0.14157 bps/Hz/W
transmit_power= 23.77 W: rate=7.7238 bps/Hz, EE=0.13888 bps/Hz/W
transmit_power= 25.67 W: rate=8.0099 bps/Hz, EE=0.13627 bps/Hz/W
transmit_power= 27.56 W: rate=8.2691 bps/Hz, EE=0.13350 bps/Hz/W
transmit_power= 29.46 W: rate=8.5149 bps/Hz, EE=0.13079 bps/Hz/W
transmit_power= 31.36 W: rate=8.7438 bps/Hz, EE=0.12809 bps/Hz/W
transmit_power= 33.26 W: rate=8.9659 bps/Hz, EE=0.12552 bps/Hz/W
transmit_power= 35.15 W: rate=9.1714 bps/Hz, EE=0.12296 bps/Hz/W
transmit_power= 37.05 W: rate=9.3706 bps/Hz, EE=0.12052 bps/Hz/W
transmit_power= 38.95 W: rate=9.5647 bps/Hz, EE=0.11821 bps/Hz/W
transmit_power= 40.85 W: rate=9.7428 bps/Hz, EE=0.11588 bps/Hz/W
transmit_power= 42.74 W: rate=9.9270 bps/Hz, EE=0.11379 bps/Hz/W
transmit_power= 44.64 W: rate=10.0953 bps/Hz, EE=0.11167 bps/Hz/W
transmit_power= 46.54 W: rate=10.2592 bps/Hz, EE=0.10965 bps/Hz/W
transmit_power= 48.44 W: rate=10.4170 bps/Hz, EE=0.10770 bps/Hz/W
transmit_power= 50.33 W: rate=10.5652 bps/Hz, EE=0.10577 bps/Hz/W
transmit_power= 52.23 W: rate=10.6993 bps/Hz, EE=0.10383 bps/Hz/W
transmit_power= 54.13 W: rate=10.8547 bps/Hz, EE=0.10220 bps/Hz/W
transmit_power= 56.03 W: rate=10.9809 bps/Hz, EE=0.10040 bps/Hz/W
transmit_power= 57.92 W: rate=11.1297 bps/Hz, EE=0.09890 bps/Hz/W
transmit_power= 59.82 W: rate=11.2482 bps/Hz, EE=0.09722 bps/Hz/W
transmit_power= 61.72 W: rate=11.3752 bps/Hz, EE=0.09570 bps/Hz/W
transmit_power= 63.62 W: rate=11.5099 bps/Hz, EE=0.09432 bps/Hz/W
transmit_power= 65.51 W: rate=11.6230 bps/Hz, EE=0.09284 bps/Hz/W
transmit_power= 67.41 W: rate=11.7404 bps/Hz, EE=0.09147 bps/Hz/W
transmit_power= 69.31 W: rate=11.8455 bps/Hz, EE=0.09007 bps/Hz/W
transmit_power= 71.21 W: rate=11.9535 bps/Hz, EE=0.08876 bps/Hz/W
transmit_power= 73.10 W: rate=12.0542 bps/Hz, EE=0.08745 bps/Hz/W
transmit_power= 75.00 W: rate=12.1691 bps/Hz, EE=0.08631 bps/Hz/W
Saved: /home/parajuli/repos/2026_learning_beamforming_EE_code/outputs/metrics/EE_vs_transmit_power/ee_vs_power_sweep_error0.gzip
EE maximizer: transmit_power=12.38 W (budget=75 W), EE=0.15090 bps/Hz/W
Saved: /home/parajuli/repos/2026_learning_beamforming_EE_code/reports/figures/pdf/ee_vs_transmit_power_error0.pdf
Saved: /home/parajuli/repos/2026_learning_beamforming_EE_code/reports/figures/jpg/ee_vs_transmit_power_error0.jpg
mumbai
Tue Aug 25 12:36:42 PM CEST 2026: Finished MMSE EE-vs-transmit-power sweep!
